kotlin version: 2.4.20
error message: java.lang.RuntimeException: Error generating class file br/com/saimo/tv/CatalogKt.class (compiled from [/Volumes/SSD 1TB/DEV/Saimo/SaimoTV-Android/app/src/main/java/br/com/saimo/tv/Catalog.kt]): Method too large: br/com/saimo/tv/CatalogKt.<clinit> ()V
	at org.jetbrains.kotlin.codegen.ClassFileFactory$OutputClassFile.asByteArray(ClassFileFactory.kt:208)
	at org.jetbrains.kotlin.cli.common.output.OutputUtilsKt.writeAll(outputUtils.kt:36)
	at org.jetbrains.kotlin.cli.common.output.OutputUtilsKt.writeAll(outputUtils.kt:61)
	at org.jetbrains.kotlin.cli.pipeline.jvm.JvmWriteOutputsPhase.writeOutput(JvmWriteOutputsPhase.kt:89)
	at org.jetbrains.kotlin.cli.pipeline.jvm.JvmWriteOutputsPhase.writeOutputsIfNeeded(JvmWriteOutputsPhase.kt:51)
	at org.jetbrains.kotlin.cli.pipeline.jvm.JvmWriteOutputsPhase.executePhase(JvmWriteOutputsPhase.kt:28)
	at org.jetbrains.kotlin.cli.pipeline.jvm.JvmWriteOutputsPhase.executePhase(JvmWriteOutputsPhase.kt:23)
	at org.jetbrains.kotlin.cli.pipeline.PipelinePhase.phaseBody(PipelinePhase.kt:60)
	at org.jetbrains.kotlin.cli.pipeline.PipelinePhase.phaseBody(PipelinePhase.kt:50)
	at org.jetbrains.kotlin.config.phaser.NamedCompilerPhase.invoke(CompilerPhase.kt:102)
	at org.jetbrains.kotlin.backend.common.phaser.CompositePhase.invoke(PhaseBuilders.kt:22)
	at org.jetbrains.kotlin.config.phaser.CompilerPhaseKt.invokeToplevel(CompilerPhase.kt:53)
	at org.jetbrains.kotlin.cli.pipeline.AbstractCliPipeline.runPhasedPipeline(AbstractCliPipeline.kt:134)
	at org.jetbrains.kotlin.cli.pipeline.AbstractCliPipeline.executeAndReturnPipeLineArtifact(AbstractCliPipeline.kt:88)
	at org.jetbrains.kotlin.cli.pipeline.AbstractCliPipeline.executeAndReturnPipeLineArtifact$default(AbstractCliPipeline.kt:48)
	at org.jetbrains.kotlin.cli.pipeline.AbstractCliPipeline.execute(AbstractCliPipeline.kt:39)
	at org.jetbrains.kotlin.cli.jvm.K2JVMCompiler.doExecutePhased(K2JVMCompiler.kt:30)
	at org.jetbrains.kotlin.cli.jvm.K2JVMCompiler.doExecutePhased(K2JVMCompiler.kt:21)
	at org.jetbrains.kotlin.cli.common.CLICompiler.exec(CLICompiler.kt:146)
	at org.jetbrains.kotlin.incremental.IncrementalJvmCompilerRunnerBase.runCompiler(IncrementalJvmCompilerRunnerBase.kt:222)
	at org.jetbrains.kotlin.incremental.IncrementalJvmCompilerRunnerBase.runCompiler(IncrementalJvmCompilerRunnerBase.kt:53)
	at org.jetbrains.kotlin.incremental.IncrementalCompilerRunner.doCompile(IncrementalCompilerRunner.kt:610)
	at org.jetbrains.kotlin.incremental.IncrementalCompilerRunner.compileImpl(IncrementalCompilerRunner.kt:521)
	at org.jetbrains.kotlin.incremental.IncrementalCompilerRunner.tryCompileIncrementally$lambda$0$compile(IncrementalCompilerRunner.kt:301)
	at org.jetbrains.kotlin.incremental.IncrementalCompilerRunner.tryCompileIncrementally(IncrementalCompilerRunner.kt:319)
	at org.jetbrains.kotlin.incremental.IncrementalCompilerRunner.compile(IncrementalCompilerRunner.kt:160)
	at org.jetbrains.kotlin.daemon.CompileServiceImplBase.execIncrementalCompiler(CompileServiceImpl.kt:792)
	at org.jetbrains.kotlin.daemon.CompileServiceImplBase.access$execIncrementalCompiler(CompileServiceImpl.kt:101)
	at org.jetbrains.kotlin.daemon.CompileServiceImpl.compile(CompileServiceImpl.kt:2077)
	at jdk.internal.reflect.GeneratedMethodAccessor12.invoke(Unknown Source)
	at java.base/jdk.internal.reflect.DelegatingMethodAccessorImpl.invoke(DelegatingMethodAccessorImpl.java:43)
	at java.base/java.lang.reflect.Method.invoke(Method.java:569)
	at java.rmi/sun.rmi.server.UnicastServerRef.dispatch(UnicastServerRef.java:360)
	at java.rmi/sun.rmi.transport.Transport$1.run(Transport.java:200)
	at java.rmi/sun.rmi.transport.Transport$1.run(Transport.java:197)
	at java.base/java.security.AccessController.doPrivileged(AccessController.java:712)
	at java.rmi/sun.rmi.transport.Transport.serviceCall(Transport.java:196)
	at java.rmi/sun.rmi.transport.tcp.TCPTransport.handleMessages(TCPTransport.java:587)
	at java.rmi/sun.rmi.transport.tcp.TCPTransport$ConnectionHandler.run0(TCPTransport.java:828)
	at java.rmi/sun.rmi.transport.tcp.TCPTransport$ConnectionHandler.lambda$run$0(TCPTransport.java:705)
	at java.base/java.security.AccessController.doPrivileged(AccessController.java:399)
	at java.rmi/sun.rmi.transport.tcp.TCPTransport$ConnectionHandler.run(TCPTransport.java:704)
	at java.base/java.util.concurrent.ThreadPoolExecutor.runWorker(ThreadPoolExecutor.java:1136)
	at java.base/java.util.concurrent.ThreadPoolExecutor$Worker.run(ThreadPoolExecutor.java:635)
	at java.base/java.lang.Thread.run(Thread.java:840)
Caused by: org.jetbrains.org.objectweb.asm.MethodTooLargeException: Method too large: br/com/saimo/tv/CatalogKt.<clinit> ()V
	at org.jetbrains.org.objectweb.asm.MethodWriter.computeMethodInfoSize(MethodWriter.java:2088)
	at org.jetbrains.org.objectweb.asm.ClassWriter.toByteArray(ClassWriter.java:512)
	at org.jetbrains.kotlin.codegen.ClassBuilderFactories$1.asBytes(ClassBuilderFactories.java:81)
	at org.jetbrains.kotlin.codegen.DelegatingClassBuilderFactory.asBytes(DelegatingClassBuilderFactory.kt:27)
	at org.jetbrains.kotlin.codegen.DelegatingClassBuilderFactory.asBytes(DelegatingClassBuilderFactory.kt:27)
	at org.jetbrains.kotlin.codegen.ClassFileFactory$ClassBuilderAndSourceFileList.asBytes(ClassFileFactory.kt:231)
	at org.jetbrains.kotlin.codegen.ClassFileFactory$OutputClassFile.asByteArray(ClassFileFactory.kt:206)
	... 44 more


error message: java.lang.RuntimeException: Error generating class file br/com/saimo/tv/CatalogKt.class (compiled from [/Volumes/SSD 1TB/DEV/Saimo/SaimoTV-Android/app/src/main/java/br/com/saimo/tv/Catalog.kt]): Method too large: br/com/saimo/tv/CatalogKt.<clinit> ()V
	at org.jetbrains.kotlin.codegen.ClassFileFactory$OutputClassFile.asByteArray(ClassFileFactory.kt:208)
	at org.jetbrains.kotlin.cli.common.output.OutputUtilsKt.writeAll(outputUtils.kt:36)
	at org.jetbrains.kotlin.cli.common.output.OutputUtilsKt.writeAll(outputUtils.kt:61)
	at org.jetbrains.kotlin.cli.pipeline.jvm.JvmWriteOutputsPhase.writeOutput(JvmWriteOutputsPhase.kt:89)
	at org.jetbrains.kotlin.cli.pipeline.jvm.JvmWriteOutputsPhase.writeOutputsIfNeeded(JvmWriteOutputsPhase.kt:51)
	at org.jetbrains.kotlin.cli.pipeline.jvm.JvmWriteOutputsPhase.executePhase(JvmWriteOutputsPhase.kt:28)
	at org.jetbrains.kotlin.cli.pipeline.jvm.JvmWriteOutputsPhase.executePhase(JvmWriteOutputsPhase.kt:23)
	at org.jetbrains.kotlin.cli.pipeline.PipelinePhase.phaseBody(PipelinePhase.kt:60)
	at org.jetbrains.kotlin.cli.pipeline.PipelinePhase.phaseBody(PipelinePhase.kt:50)
	at org.jetbrains.kotlin.config.phaser.NamedCompilerPhase.invoke(CompilerPhase.kt:102)
	at org.jetbrains.kotlin.backend.common.phaser.CompositePhase.invoke(PhaseBuilders.kt:22)
	at org.jetbrains.kotlin.config.phaser.CompilerPhaseKt.invokeToplevel(CompilerPhase.kt:53)
	at org.jetbrains.kotlin.cli.pipeline.AbstractCliPipeline.runPhasedPipeline(AbstractCliPipeline.kt:134)
	at org.jetbrains.kotlin.cli.pipeline.AbstractCliPipeline.executeAndReturnPipeLineArtifact(AbstractCliPipeline.kt:88)
	at org.jetbrains.kotlin.cli.pipeline.AbstractCliPipeline.executeAndReturnPipeLineArtifact$default(AbstractCliPipeline.kt:48)
	at org.jetbrains.kotlin.cli.pipeline.AbstractCliPipeline.execute(AbstractCliPipeline.kt:39)
	at org.jetbrains.kotlin.cli.jvm.K2JVMCompiler.doExecutePhased(K2JVMCompiler.kt:30)
	at org.jetbrains.kotlin.cli.jvm.K2JVMCompiler.doExecutePhased(K2JVMCompiler.kt:21)
	at org.jetbrains.kotlin.cli.common.CLICompiler.exec(CLICompiler.kt:146)
	at org.jetbrains.kotlin.incremental.IncrementalJvmCompilerRunnerBase.runCompiler(IncrementalJvmCompilerRunnerBase.kt:222)
	at org.jetbrains.kotlin.incremental.IncrementalJvmCompilerRunnerBase.runCompiler(IncrementalJvmCompilerRunnerBase.kt:53)
	at org.jetbrains.kotlin.incremental.IncrementalCompilerRunner.doCompile(IncrementalCompilerRunner.kt:610)
	at org.jetbrains.kotlin.incremental.IncrementalCompilerRunner.compileImpl(IncrementalCompilerRunner.kt:521)
	at org.jetbrains.kotlin.incremental.IncrementalCompilerRunner.tryCompileIncrementally$lambda$0$compile(IncrementalCompilerRunner.kt:301)
	at org.jetbrains.kotlin.incremental.IncrementalCompilerRunner.tryCompileIncrementally(IncrementalCompilerRunner.kt:319)
	at org.jetbrains.kotlin.incremental.IncrementalCompilerRunner.compile(IncrementalCompilerRunner.kt:160)
	at org.jetbrains.kotlin.buildtools.internal.jvm.operations.JvmCompilationOperationImpl.compileIncrementallyInProcess(JvmCompilationOperationImpl.kt:287)
	at org.jetbrains.kotlin.buildtools.internal.jvm.operations.JvmCompilationOperationImpl.compileIncrementallyInProcess(JvmCompilationOperationImpl.kt:55)
	at org.jetbrains.kotlin.buildtools.internal.BaseCompilationOperationImpl.compileInProcess(BaseCompilationOperationImpl.kt:267)
	at org.jetbrains.kotlin.buildtools.internal.jvm.operations.JvmCompilationOperationImpl.compileInProcess(JvmCompilationOperationImpl.kt:220)
	at org.jetbrains.kotlin.buildtools.internal.BaseCompilationOperationImpl.executeCancellableImpl(BaseCompilationOperationImpl.kt:91)
	at org.jetbrains.kotlin.buildtools.internal.BaseCompilationOperationImpl.executeCancellableImpl(BaseCompilationOperationImpl.kt:52)
	at org.jetbrains.kotlin.buildtools.internal.CancellableBuildOperationImpl.executeImpl(CancellableBuildOperationImpl.kt:58)
	at org.jetbrains.kotlin.buildtools.internal.BuildOperationImpl.execute(BuildOperationImpl.kt:34)
	at org.jetbrains.kotlin.buildtools.internal.KotlinToolchainsImpl$BuildSessionImpl.executeOperation$lambda$1(KotlinToolchainsImpl.kt:97)
	at java.base/java.util.concurrent.FutureTask.run(FutureTask.java:264)
	at java.base/java.util.concurrent.ThreadPoolExecutor.runWorker(ThreadPoolExecutor.java:1136)
	at java.base/java.util.concurrent.ThreadPoolExecutor$Worker.run(ThreadPoolExecutor.java:635)
	at java.base/java.lang.Thread.run(Thread.java:840)
Caused by: org.jetbrains.org.objectweb.asm.MethodTooLargeException: Method too large: br/com/saimo/tv/CatalogKt.<clinit> ()V
	at org.jetbrains.org.objectweb.asm.MethodWriter.computeMethodInfoSize(MethodWriter.java:2088)
	at org.jetbrains.org.objectweb.asm.ClassWriter.toByteArray(ClassWriter.java:512)
	at org.jetbrains.kotlin.codegen.ClassBuilderFactories$1.asBytes(ClassBuilderFactories.java:81)
	at org.jetbrains.kotlin.codegen.DelegatingClassBuilderFactory.asBytes(DelegatingClassBuilderFactory.kt:27)
	at org.jetbrains.kotlin.codegen.DelegatingClassBuilderFactory.asBytes(DelegatingClassBuilderFactory.kt:27)
	at org.jetbrains.kotlin.codegen.ClassFileFactory$ClassBuilderAndSourceFileList.asBytes(ClassFileFactory.kt:231)
	at org.jetbrains.kotlin.codegen.ClassFileFactory$OutputClassFile.asByteArray(ClassFileFactory.kt:206)
	... 38 more


